xflow_public	topic
xsarra	topic
xs_tsource_output	topic
xs_tsource_poll	topic
xs_tsource_post	topic
xs_tsource_shim	topic
