xs_tsource_am topic
xs_tfeed_am topic
xpublic	topic
