xcvan01	topic
xl_anonymous	topic
xl_eggmeister	topic
xl_ender	topic
xlog	topic
xl_tsource	topic
xl_tsub	topic
xpublic	topic
xr_anonymous	topic
xr_eggmeister	topic
xr_ender	topic
xreport	topic
xr_tsource	topic
xr_tsub	topic
xs_anonymous	topic
xs_eggmeister	topic
xs_ender	topic
xs_tsource_poll_ftp	topic
xs_tsource_poll_sftp	topic
xs_tsource	topic
xs_tsub	topic
xwinnow	topic
